// Vitest Snapshot v1, https://vitest.dev/guide/snapshot.html

exports[`GenreRow > matches its rendered markup snapshot 1`] = `
"<section>
  <h2 class="mb-2 text-lg font-semibold">Drama</h2>
  <div class="flex gap-3 overflow-x-auto pb-2"><a to="[object Object]" class="block w-32 shrink-0 sm:w-40"><img src="https://example.com/image.jpg" alt="Breaking Bad" class="aspect-2/3 w-full rounded object-cover bg-gray-200" loading="lazy">
      <p class="mt-1 truncate text-sm font-medium">Breaking Bad</p>
      <p class="text-xs text-gray-500">★ 9.5</p>
    </a><a to="[object Object]" class="block w-32 shrink-0 sm:w-40"><img src="https://example.com/image.jpg" alt="The Wire" class="aspect-2/3 w-full rounded object-cover bg-gray-200" loading="lazy">
      <p class="mt-1 truncate text-sm font-medium">The Wire</p>
      <p class="text-xs text-gray-500">★ 9.3</p>
    </a></div>
</section>"
`;
